usr_stm32f413xx_spi_driver.c:28:6:SPI_PeriClock_Control	16	static
usr_stm32f413xx_spi_driver.c:73:6:SPI_Init	32	static
usr_stm32f413xx_spi_driver.c:174:6:SPI_DeInit	16	static
usr_stm32f413xx_spi_driver.c:190:9:SPI_GetFlagStatus	16	static
usr_stm32f413xx_spi_driver.c:214:6:SPI_PeripheralControl	16	static
usr_stm32f413xx_spi_driver.c:244:6:SPI_SendData	32	static
usr_stm32f413xx_spi_driver.c:302:9:SPI_SendData_IT	32	static
usr_stm32f413xx_spi_driver.c:339:6:SPI_ReceiveData	32	static
usr_stm32f413xx_spi_driver.c:398:9:SPI_ReceiveData_IT	32	static
usr_stm32f413xx_spi_driver.c:436:6:SPI_IRQInterruptConfig	16	static
usr_stm32f413xx_spi_driver.c:494:6:SPI_IRQPriorityConfig	24	static
usr_stm32f413xx_spi_driver.c:504:13:SPI_Txe_Interrupt_Handle	16	static
usr_stm32f413xx_spi_driver.c:532:13:SPI_Rxne_Interrupt_Handle	16	static
usr_stm32f413xx_spi_driver.c:562:13:SPI_Ovr_Interrupt_Handle	24	static
usr_stm32f413xx_spi_driver.c:591:6:SPI_CloseTransmission	16	static
usr_stm32f413xx_spi_driver.c:619:6:SPI_CloseReception	16	static
usr_stm32f413xx_spi_driver.c:647:6:SPI_ClearOVRFlag	24	static
usr_stm32f413xx_spi_driver.c:668:6:SPI_IRQHandler	24	static
usr_stm32f413xx_spi_driver.c:703:28:SPI_ApplicationEventCallback	16	static
